
> vite_react_shadcn_ts@0.0.0 build
> vite build

[36mvite v5.4.19 [32mbuilding for production...[36m[39m
transforming...
node.exe : Browserslist: browsers data (caniuse-lite) is 10 months old. Please 
run:
At line:1 char:1
+ & "C:\Program Files\nodejs/node.exe" "C:\Program Files\nodejs/node_mo ...
+ ~~~~~~~~~~~~~~~~~~~~~~~~~~~~~~~~~~~~~~~~~~~~~~~~~~~~~~~~~~~~~~~~~~~~~
    + CategoryInfo          : NotSpecified: (Browserslist: b...ld. Please run: 
   :String) [], RemoteException
    + FullyQualifiedErrorId : NativeCommandError
 
  npx update-browserslist-db@latest
  Why you should do it regularly: https://github.com/browserslist/update-db#rea
dme
[33m[vite:css] @import must precede all other statements (besides @charset or 
empty @layer)
3  |  @tailwind utilities;
4  |  
5  |  @import url('https://fonts.googleapis.com/css2?family=Plus+Jakarta+Sans:w
ght@400;500;600;700;800&display=swap');
   |  ^^^^^^^^^^^^^^^^^^^^^^^^^^^^^^^^^^^^^^^^^^^^^^^^^^^^^^^^^^^^^^^^^^^^^^^^^
^^^^^^^^^^^^^^^^^^^^^^^^^^^^^^^^^^^^^^^
6  |  
7  |  @layer base {[39m
[32mÔ£ô[39m 2401 modules transformed.
rendering chunks...
computing gzip size...
[2mdist/[22m[32mindex.html                 [39m[1m[2m  1.27 kB[22m[1m[22m[2m Ôöé gzip:   0.51 kB[22m
[2mdist/[22m[35massets/index-AOqXm_-d.css  [39m[1m[2m 71.43 kB[22m[1m[22m[2m Ôöé gzip:  12.24 kB[22m
[2mdist/[22m[36massets/index-DyD6frxH.js   [39m[1m[33m944.70 kB[39m[22m[2m Ôöé gzip: 282.69 kB[22m
[33m
(!) Some chunks are larger than 500 kB after minification. Consider:
- Using dynamic import() to code-split the application
- Use build.rollupOptions.output.manualChunks to improve chunking: https://roll
upjs.org/configuration-options/#output-manualchunks
- Adjust chunk size limit for this warning via build.chunkSizeWarningLimit.[39
m
[32mÔ£ô built in 11.93s[39m
