
> vite_react_shadcn_ts@0.0.0 test
> vitest run


[1m[46m RUN [49m[22m [36mv3.2.4 [39m[90mD:/PYU-GO/pyugo-go-fly[39m

 [32mÔ£ô[39m src/test/example.test.ts [2m([22m[2m1 test[22m[2m)[22m[32m 4[2mms[22m[39m
 [32mÔ£ô[39m src/test/utils.test.ts [2m([22m[2m3 tests[22m[2m)[22m[32m 14[2mms[22m[39m
 [32mÔ£ô[39m src/test/dummy.test.ts [2m([22m[2m2 tests[22m[2m)[22m[32m 33[2mms[22m[39m
[90mstdout[2m | src/test/engines/driverDispatch.test.ts[2m > [22m[2mDriverDispatchEngine[2m > [22m[2msendDispatchOffer[2m > [22m[2mshould return boolean result
[22m[39m[Dispatch] Offer sent to driver d1 for ride ride_123

[90mstdout[2m | src/test/engines/driverDispatch.test.ts[2m > [22m[2mDriverDispatchEngine[2m > [22m[2msendDispatchOffer[2m > [22m[2mshould have acceptance rate around 80%
[22m[39m[Dispatch] Offer sent to driver d0 for ride ride_0

[90mstdout[2m | src/test/engines/driverDispatch.test.ts[2m > [22m[2mDriverDispatchEngine[2m > [22m[2msendDispatchOffer[2m > [22m[2mshould have acceptance rate around 80%
[22m[39m[Dispatch] Offer sent to driver d1 for ride ride_1

[90mstdout[2m | src/test/engines/driverDispatch.test.ts[2m > [22m[2mDriverDispatchEngine[2m > [22m[2msendDispatchOffer[2m > [22m[2mshould have acceptance rate around 80%
[22m[39m[Dispatch] Offer sent to driver d2 for ride ride_2

[90mstdout[2m | src/test/engines/driverDispatch.test.ts[2m > [22m[2mDriverDispatchEngine[2m > [22m[2msendDispatchOffer[2m > [22m[2mshould have acceptance rate around 80%
[22m[39m[Dispatch] Offer sent to driver d3 for ride ride_3

[90mstdout[2m | src/test/engines/driverDispatch.test.ts[2m > [22m[2mDriverDispatchEngine[2m > [22m[2msendDispatchOffer[2m > [22m[2mshould have acceptance rate around 80%
[22m[39m[Dispatch] Offer sent to driver d4 for ride ride_4

[90mstdout[2m | src/test/engines/driverDispatch.test.ts[2m > [22m[2mDriverDispatchEngine[2m > [22m[2msendDispatchOffer[2m > [22m[2mshould have acceptance rate around 80%
[22m[39m[Dispatch] Offer sent to driver d5 for ride ride_5

[90mstdout[2m | src/test/engines/driverDispatch.test.ts[2m > [22m[2mDriverDispatchEngine[2m > [22m[2msendDispatchOffer[2m > [22m[2mshould have acceptance rate around 80%
[22m[39m[Dispatch] Offer sent to driver d6 for ride ride_6

[90mstdout[2m | src/test/engines/driverDispatch.test.ts[2m > [22m[2mDriverDispatchEngine[2m > [22m[2msendDispatchOffer[2m > [22m[2mshould have acceptance rate around 80%
[22m[39m[Dispatch] Offer sent to driver d7 for ride ride_7

[90mstdout[2m | src/test/engines/driverDispatch.test.ts[2m > [22m[2mDriverDispatchEngine[2m > [22m[2msendDispatchOffer[2m > [22m[2mshould have acceptance rate around 80%
[22m[39m[Dispatch] Offer sent to driver d8 for ride ride_8

[90mstdout[2m | src/test/engines/driverDispatch.test.ts[2m > [22m[2mDriverDispatchEngine[2m > [22m[2msendDispatchOffer[2m > [22m[2mshould have acceptance rate around 80%
[22m[39m[Dispatch] Offer sent to driver d9 for ride ride_9

[90mstdout[2m | src/test/engines/driverDispatch.test.ts[2m > [22m[2mDriverDispatchEngine[2m > [22m[2msendDispatchOffer[2m > [22m[2mshould have acceptance rate around 80%
[22m[39m[Dispatch] Offer sent to driver d10 for ride ride_10

[90mstdout[2m | src/test/engines/driverDispatch.test.ts[2m > [22m[2mDriverDispatchEngine[2m > [22m[2msendDispatchOffer[2m > [22m[2mshould have acceptance rate around 80%
[22m[39m[Dispatch] Offer sent to driver d11 for ride ride_11

[90mstdout[2m | src/test/engines/driverDispatch.test.ts[2m > [22m[2mDriverDispatchEngine[2m > [22m[2msendDispatchOffer[2m > [22m[2mshould have acceptance rate around 80%
[22m[39m[Dispatch] Offer sent to driver d12 for ride ride_12

[90mstdout[2m | src/test/engines/driverDispatch.test.ts[2m > [22m[2mDriverDispatchEngine[2m > [22m[2msendDispatchOffer[2m > [22m[2mshould have acceptance rate around 80%
[22m[39m[Dispatch] Offer sent to driver d13 for ride ride_13

[90mstdout[2m | src/test/engines/driverDispatch.test.ts[2m > [22m[2mDriverDispatchEngine[2m > [22m[2msendDispatchOffer[2m > [22m[2mshould have acceptance rate around 80%
[22m[39m[Dispatch] Offer sent to driver d14 for ride ride_14

[90mstdout[2m | src/test/engines/driverDispatch.test.ts[2m > [22m[2mDriverDispatchEngine[2m > [22m[2msendDispatchOffer[2m > [22m[2mshould have acceptance rate around 80%
[22m[39m[Dispatch] Offer sent to driver d15 for ride ride_15

[90mstdout[2m | src/test/engines/driverDispatch.test.ts[2m > [22m[2mDriverDispatchEngine[2m > [22m[2msendDispatchOffer[2m > [22m[2mshould have acceptance rate around 80%
[22m[39m[Dispatch] Offer sent to driver d16 for ride ride_16

[90mstdout[2m | src/test/engines/driverDispatch.test.ts[2m > [22m[2mDriverDispatchEngine[2m > [22m[2msendDispatchOffer[2m > [22m[2mshould have acceptance rate around 80%
[22m[39m[Dispatch] Offer sent to driver d17 for ride ride_17

[90mstdout[2m | src/test/engines/driverDispatch.test.ts[2m > [22m[2mDriverDispatchEngine[2m > [22m[2msendDispatchOffer[2m > [22m[2mshould have acceptance rate around 80%
[22m[39m[Dispatch] Offer sent to driver d18 for ride ride_18

[90mstdout[2m | src/test/engines/driverDispatch.test.ts[2m > [22m[2mDriverDispatchEngine[2m > [22m[2msendDispatchOffer[2m > [22m[2mshould have acceptance rate around 80%
[22m[39m[Dispatch] Offer sent to driver d19 for ride ride_19

[90mstdout[2m | src/test/engines/driverDispatch.test.ts[2m > [22m[2mDriverDispatchEngine[2m > [22m[2msendDispatchOffer[2m > [22m[2mshould have acceptance rate around 80%
[22m[39m[Dispatch] Offer sent to driver d20 for ride ride_20

[90mstdout[2m | src/test/engines/driverDispatch.test.ts[2m > [22m[2mDriverDispatchEngine[2m > [22m[2msendDispatchOffer[2m > [22m[2mshould have acceptance rate around 80%
[22m[39m[Dispatch] Offer sent to driver d21 for ride ride_21

[90mstdout[2m | src/test/engines/driverDispatch.test.ts[2m > [22m[2mDriverDispatchEngine[2m > [22m[2msendDispatchOffer[2m > [22m[2mshould have acceptance rate around 80%
[22m[39m[Dispatch] Offer sent to driver d22 for ride ride_22

[90mstdout[2m | src/test/engines/driverDispatch.test.ts[2m > [22m[2mDriverDispatchEngine[2m > [22m[2msendDispatchOffer[2m > [22m[2mshould have acceptance rate around 80%
[22m[39m[Dispatch] Offer sent to driver d23 for ride ride_23

[90mstdout[2m | src/test/engines/driverDispatch.test.ts[2m > [22m[2mDriverDispatchEngine[2m > [22m[2msendDispatchOffer[2m > [22m[2mshould have acceptance rate around 80%
[22m[39m[Dispatch] Offer sent to driver d24 for ride ride_24

[90mstdout[2m | src/test/engines/driverDispatch.test.ts[2m > [22m[2mDriverDispatchEngine[2m > [22m[2msendDispatchOffer[2m > [22m[2mshould have acceptance rate around 80%
[22m[39m[Dispatch] Offer sent to driver d25 for ride ride_25

[90mstdout[2m | src/test/engines/driverDispatch.test.ts[2m > [22m[2mDriverDispatchEngine[2m > [22m[2msendDispatchOffer[2m > [22m[2mshould have acceptance rate around 80%
[22m[39m[Dispatch] Offer sent to driver d26 for ride ride_26

[90mstdout[2m | src/test/engines/driverDispatch.test.ts[2m > [22m[2mDriverDispatchEngine[2m > [22m[2msendDispatchOffer[2m > [22m[2mshould have acceptance rate around 80%
[22m[39m[Dispatch] Offer sent to driver d27 for ride ride_27

[90mstdout[2m | src/test/engines/driverDispatch.test.ts[2m > [22m[2mDriverDispatchEngine[2m > [22m[2msendDispatchOffer[2m > [22m[2mshould have acceptance rate around 80%
[22m[39m[Dispatch] Offer sent to driver d28 for ride ride_28

[90mstdout[2m | src/test/engines/driverDispatch.test.ts[2m > [22m[2mDriverDispatchEngine[2m > [22m[2msendDispatchOffer[2m > [22m[2mshould have acceptance rate around 80%
[22m[39m[Dispatch] Offer sent to driver d29 for ride ride_29

[90mstdout[2m | src/test/engines/driverDispatch.test.ts[2m > [22m[2mDriverDispatchEngine[2m > [22m[2msendDispatchOffer[2m > [22m[2mshould have acceptance rate around 80%
[22m[39m[Dispatch] Offer sent to driver d30 for ride ride_30

[90mstdout[2m | src/test/engines/driverDispatch.test.ts[2m > [22m[2mDriverDispatchEngine[2m > [22m[2msendDispatchOffer[2m > [22m[2mshould have acceptance rate around 80%
[22m[39m[Dispatch] Offer sent to driver d31 for ride ride_31

[90mstdout[2m | src/test/engines/driverDispatch.test.ts[2m > [22m[2mDriverDispatchEngine[2m > [22m[2msendDispatchOffer[2m > [22m[2mshould have acceptance rate around 80%
[22m[39m[Dispatch] Offer sent to driver d32 for ride ride_32

[90mstdout[2m | src/test/engines/driverDispatch.test.ts[2m > [22m[2mDriverDispatchEngine[2m > [22m[2msendDispatchOffer[2m > [22m[2mshould have acceptance rate around 80%
[22m[39m[Dispatch] Offer sent to driver d33 for ride ride_33

[90mstdout[2m | src/test/engines/driverDispatch.test.ts[2m > [22m[2mDriverDispatchEngine[2m > [22m[2msendDispatchOffer[2m > [22m[2mshould have acceptance rate around 80%
[22m[39m[Dispatch] Offer sent to driver d34 for ride ride_34

[90mstdout[2m | src/test/engines/driverDispatch.test.ts[2m > [22m[2mDriverDispatchEngine[2m > [22m[2msendDispatchOffer[2m > [22m[2mshould have acceptance rate around 80%
[22m[39m[Dispatch] Offer sent to driver d35 for ride ride_35

[90mstdout[2m | src/test/engines/driverDispatch.test.ts[2m > [22m[2mDriverDispatchEngine[2m > [22m[2msendDispatchOffer[2m > [22m[2mshould have acceptance rate around 80%
[22m[39m[Dispatch] Offer sent to driver d36 for ride ride_36

[90mstdout[2m | src/test/engines/driverDispatch.test.ts[2m > [22m[2mDriverDispatchEngine[2m > [22m[2msendDispatchOffer[2m > [22m[2mshould have acceptance rate around 80%
[22m[39m[Dispatch] Offer sent to driver d37 for ride ride_37

[90mstdout[2m | src/test/engines/driverDispatch.test.ts[2m > [22m[2mDriverDispatchEngine[2m > [22m[2msendDispatchOffer[2m > [22m[2mshould have acceptance rate around 80%
[22m[39m[Dispatch] Offer sent to driver d38 for ride ride_38

[90mstdout[2m | src/test/engines/driverDispatch.test.ts[2m > [22m[2mDriverDispatchEngine[2m > [22m[2msendDispatchOffer[2m > [22m[2mshould have acceptance rate around 80%
[22m[39m[Dispatch] Offer sent to driver d39 for ride ride_39

[90mstdout[2m | src/test/engines/driverDispatch.test.ts[2m > [22m[2mDriverDispatchEngine[2m > [22m[2msendDispatchOffer[2m > [22m[2mshould have acceptance rate around 80%
[22m[39m[Dispatch] Offer sent to driver d40 for ride ride_40

[90mstdout[2m | src/test/engines/driverDispatch.test.ts[2m > [22m[2mDriverDispatchEngine[2m > [22m[2msendDispatchOffer[2m > [22m[2mshould have acceptance rate around 80%
[22m[39m[Dispatch] Offer sent to driver d41 for ride ride_41

[90mstdout[2m | src/test/engines/driverDispatch.test.ts[2m > [22m[2mDriverDispatchEngine[2m > [22m[2msendDispatchOffer[2m > [22m[2mshould have acceptance rate around 80%
[22m[39m[Dispatch] Offer sent to driver d42 for ride ride_42

[90mstdout[2m | src/test/engines/driverDispatch.test.ts[2m > [22m[2mDriverDispatchEngine[2m > [22m[2msendDispatchOffer[2m > [22m[2mshould have acceptance rate around 80%
[22m[39m[Dispatch] Offer sent to driver d43 for ride ride_43

[90mstdout[2m | src/test/engines/driverDispatch.test.ts[2m > [22m[2mDriverDispatchEngine[2m > [22m[2msendDispatchOffer[2m > [22m[2mshould have acceptance rate around 80%
[22m[39m[Dispatch] Offer sent to driver d44 for ride ride_44

[90mstdout[2m | src/test/engines/driverDispatch.test.ts[2m > [22m[2mDriverDispatchEngine[2m > [22m[2msendDispatchOffer[2m > [22m[2mshould have acceptance rate around 80%
[22m[39m[Dispatch] Offer sent to driver d45 for ride ride_45

[90mstdout[2m | src/test/engines/driverDispatch.test.ts[2m > [22m[2mDriverDispatchEngine[2m > [22m[2msendDispatchOffer[2m > [22m[2mshould have acceptance rate around 80%
[22m[39m[Dispatch] Offer sent to driver d46 for ride ride_46

[90mstdout[2m | src/test/engines/driverDispatch.test.ts[2m > [22m[2mDriverDispatchEngine[2m > [22m[2msendDispatchOffer[2m > [22m[2mshould have acceptance rate around 80%
[22m[39m[Dispatch] Offer sent to driver d47 for ride ride_47

[90mstdout[2m | src/test/engines/driverDispatch.test.ts[2m > [22m[2mDriverDispatchEngine[2m > [22m[2msendDispatchOffer[2m > [22m[2mshould have acceptance rate around 80%
[22m[39m[Dispatch] Offer sent to driver d48 for ride ride_48

[90mstdout[2m | src/test/engines/driverDispatch.test.ts[2m > [22m[2mDriverDispatchEngine[2m > [22m[2msendDispatchOffer[2m > [22m[2mshould have acceptance rate around 80%
[22m[39m[Dispatch] Offer sent to driver d49 for ride ride_49

[90mstdout[2m | src/test/engines/driverDispatch.test.ts[2m > [22m[2mDriverDispatchEngine[2m > [22m[2msendDispatchOffer[2m > [22m[2mshould have acceptance rate around 80%
[22m[39m[Dispatch] Offer sent to driver d50 for ride ride_50

[90mstdout[2m | src/test/engines/driverDispatch.test.ts[2m > [22m[2mDriverDispatchEngine[2m > [22m[2msendDispatchOffer[2m > [22m[2mshould have acceptance rate around 80%
[22m[39m[Dispatch] Offer sent to driver d51 for ride ride_51

[90mstdout[2m | src/test/engines/driverDispatch.test.ts[2m > [22m[2mDriverDispatchEngine[2m > [22m[2msendDispatchOffer[2m > [22m[2mshould have acceptance rate around 80%
[22m[39m[Dispatch] Offer sent to driver d52 for ride ride_52

[90mstdout[2m | src/test/engines/driverDispatch.test.ts[2m > [22m[2mDriverDispatchEngine[2m > [22m[2msendDispatchOffer[2m > [22m[2mshould have acceptance rate around 80%
[22m[39m[Dispatch] Offer sent to driver d53 for ride ride_53

[90mstdout[2m | src/test/engines/driverDispatch.test.ts[2m > [22m[2mDriverDispatchEngine[2m > [22m[2msendDispatchOffer[2m > [22m[2mshould have acceptance rate around 80%
[22m[39m[Dispatch] Offer sent to driver d54 for ride ride_54

[90mstdout[2m | src/test/engines/driverDispatch.test.ts[2m > [22m[2mDriverDispatchEngine[2m > [22m[2msendDispatchOffer[2m > [22m[2mshould have acceptance rate around 80%
[22m[39m[Dispatch] Offer sent to driver d55 for ride ride_55

[90mstdout[2m | src/test/engines/driverDispatch.test.ts[2m > [22m[2mDriverDispatchEngine[2m > [22m[2msendDispatchOffer[2m > [22m[2mshould have acceptance rate around 80%
[22m[39m[Dispatch] Offer sent to driver d56 for ride ride_56

[90mstdout[2m | src/test/engines/driverDispatch.test.ts[2m > [22m[2mDriverDispatchEngine[2m > [22m[2msendDispatchOffer[2m > [22m[2mshould have acceptance rate around 80%
[22m[39m[Dispatch] Offer sent to driver d57 for ride ride_57

[90mstdout[2m | src/test/engines/driverDispatch.test.ts[2m > [22m[2mDriverDispatchEngine[2m > [22m[2msendDispatchOffer[2m > [22m[2mshould have acceptance rate around 80%
[22m[39m[Dispatch] Offer sent to driver d58 for ride ride_58

[90mstdout[2m | src/test/engines/driverDispatch.test.ts[2m > [22m[2mDriverDispatchEngine[2m > [22m[2msendDispatchOffer[2m > [22m[2mshould have acceptance rate around 80%
[22m[39m[Dispatch] Offer sent to driver d59 for ride ride_59

[90mstdout[2m | src/test/engines/driverDispatch.test.ts[2m > [22m[2mDriverDispatchEngine[2m > [22m[2msendDispatchOffer[2m > [22m[2mshould have acceptance rate around 80%
[22m[39m[Dispatch] Offer sent to driver d60 for ride ride_60

[90mstdout[2m | src/test/engines/driverDispatch.test.ts[2m > [22m[2mDriverDispatchEngine[2m > [22m[2msendDispatchOffer[2m > [22m[2mshould have acceptance rate around 80%
[22m[39m[Dispatch] Offer sent to driver d61 for ride ride_61

[90mstdout[2m | src/test/engines/driverDispatch.test.ts[2m > [22m[2mDriverDispatchEngine[2m > [22m[2msendDispatchOffer[2m > [22m[2mshould have acceptance rate around 80%
[22m[39m[Dispatch] Offer sent to driver d62 for ride ride_62

[90mstdout[2m | src/test/engines/driverDispatch.test.ts[2m > [22m[2mDriverDispatchEngine[2m > [22m[2msendDispatchOffer[2m > [22m[2mshould have acceptance rate around 80%
[22m[39m[Dispatch] Offer sent to driver d63 for ride ride_63

[90mstdout[2m | src/test/engines/driverDispatch.test.ts[2m > [22m[2mDriverDispatchEngine[2m > [22m[2msendDispatchOffer[2m > [22m[2mshould have acceptance rate around 80%
[22m[39m[Dispatch] Offer sent to driver d64 for ride ride_64

[90mstdout[2m | src/test/engines/driverDispatch.test.ts[2m > [22m[2mDriverDispatchEngine[2m > [22m[2msendDispatchOffer[2m > [22m[2mshould have acceptance rate around 80%
[22m[39m[Dispatch] Offer sent to driver d65 for ride ride_65

[90mstdout[2m | src/test/engines/driverDispatch.test.ts[2m > [22m[2mDriverDispatchEngine[2m > [22m[2msendDispatchOffer[2m > [22m[2mshould have acceptance rate around 80%
[22m[39m[Dispatch] Offer sent to driver d66 for ride ride_66

[90mstdout[2m | src/test/engines/driverDispatch.test.ts[2m > [22m[2mDriverDispatchEngine[2m > [22m[2msendDispatchOffer[2m > [22m[2mshould have acceptance rate around 80%
[22m[39m[Dispatch] Offer sent to driver d67 for ride ride_67

[90mstdout[2m | src/test/engines/driverDispatch.test.ts[2m > [22m[2mDriverDispatchEngine[2m > [22m[2msendDispatchOffer[2m > [22m[2mshould have acceptance rate around 80%
[22m[39m[Dispatch] Offer sent to driver d68 for ride ride_68

[90mstdout[2m | src/test/engines/driverDispatch.test.ts[2m > [22m[2mDriverDispatchEngine[2m > [22m[2msendDispatchOffer[2m > [22m[2mshould have acceptance rate around 80%
[22m[39m[Dispatch] Offer sent to driver d69 for ride ride_69

[90mstdout[2m | src/test/engines/driverDispatch.test.ts[2m > [22m[2mDriverDispatchEngine[2m > [22m[2msendDispatchOffer[2m > [22m[2mshould have acceptance rate around 80%
[22m[39m[Dispatch] Offer sent to driver d70 for ride ride_70

[90mstdout[2m | src/test/engines/driverDispatch.test.ts[2m > [22m[2mDriverDispatchEngine[2m > [22m[2msendDispatchOffer[2m > [22m[2mshould have acceptance rate around 80%
[22m[39m[Dispatch] Offer sent to driver d71 for ride ride_71

[90mstdout[2m | src/test/engines/driverDispatch.test.ts[2m > [22m[2mDriverDispatchEngine[2m > [22m[2msendDispatchOffer[2m > [22m[2mshould have acceptance rate around 80%
[22m[39m[Dispatch] Offer sent to driver d72 for ride ride_72

[90mstdout[2m | src/test/engines/driverDispatch.test.ts[2m > [22m[2mDriverDispatchEngine[2m > [22m[2msendDispatchOffer[2m > [22m[2mshould have acceptance rate around 80%
[22m[39m[Dispatch] Offer sent to driver d73 for ride ride_73

[90mstdout[2m | src/test/engines/driverDispatch.test.ts[2m > [22m[2mDriverDispatchEngine[2m > [22m[2msendDispatchOffer[2m > [22m[2mshould have acceptance rate around 80%
[22m[39m[Dispatch] Offer sent to driver d74 for ride ride_74

[90mstdout[2m | src/test/engines/driverDispatch.test.ts[2m > [22m[2mDriverDispatchEngine[2m > [22m[2msendDispatchOffer[2m > [22m[2mshould have acceptance rate around 80%
[22m[39m[Dispatch] Offer sent to driver d75 for ride ride_75

[90mstdout[2m | src/test/engines/driverDispatch.test.ts[2m > [22m[2mDriverDispatchEngine[2m > [22m[2msendDispatchOffer[2m > [22m[2mshould have acceptance rate around 80%
[22m[39m[Dispatch] Offer sent to driver d76 for ride ride_76

[90mstdout[2m | src/test/engines/driverDispatch.test.ts[2m > [22m[2mDriverDispatchEngine[2m > [22m[2msendDispatchOffer[2m > [22m[2mshould have acceptance rate around 80%
[22m[39m[Dispatch] Offer sent to driver d77 for ride ride_77

[90mstdout[2m | src/test/engines/driverDispatch.test.ts[2m > [22m[2mDriverDispatchEngine[2m > [22m[2msendDispatchOffer[2m > [22m[2mshould have acceptance rate around 80%
[22m[39m[Dispatch] Offer sent to driver d78 for ride ride_78

[90mstdout[2m | src/test/engines/driverDispatch.test.ts[2m > [22m[2mDriverDispatchEngine[2m > [22m[2msendDispatchOffer[2m > [22m[2mshould have acceptance rate around 80%
[22m[39m[Dispatch] Offer sent to driver d79 for ride ride_79

[90mstdout[2m | src/test/engines/driverDispatch.test.ts[2m > [22m[2mDriverDispatchEngine[2m > [22m[2msendDispatchOffer[2m > [22m[2mshould have acceptance rate around 80%
[22m[39m[Dispatch] Offer sent to driver d80 for ride ride_80

[90mstdout[2m | src/test/engines/driverDispatch.test.ts[2m > [22m[2mDriverDispatchEngine[2m > [22m[2msendDispatchOffer[2m > [22m[2mshould have acceptance rate around 80%
[22m[39m[Dispatch] Offer sent to driver d81 for ride ride_81

[90mstdout[2m | src/test/engines/driverDispatch.test.ts[2m > [22m[2mDriverDispatchEngine[2m > [22m[2msendDispatchOffer[2m > [22m[2mshould have acceptance rate around 80%
[22m[39m[Dispatch] Offer sent to driver d82 for ride ride_82

[90mstdout[2m | src/test/engines/driverDispatch.test.ts[2m > [22m[2mDriverDispatchEngine[2m > [22m[2msendDispatchOffer[2m > [22m[2mshould have acceptance rate around 80%
[22m[39m[Dispatch] Offer sent to driver d83 for ride ride_83

[90mstdout[2m | src/test/engines/driverDispatch.test.ts[2m > [22m[2mDriverDispatchEngine[2m > [22m[2msendDispatchOffer[2m > [22m[2mshould have acceptance rate around 80%
[22m[39m[Dispatch] Offer sent to driver d84 for ride ride_84

[90mstdout[2m | src/test/engines/driverDispatch.test.ts[2m > [22m[2mDriverDispatchEngine[2m > [22m[2msendDispatchOffer[2m > [22m[2mshould have acceptance rate around 80%
[22m[39m[Dispatch] Offer sent to driver d85 for ride ride_85

[90mstdout[2m | src/test/engines/driverDispatch.test.ts[2m > [22m[2mDriverDispatchEngine[2m > [22m[2msendDispatchOffer[2m > [22m[2mshould have acceptance rate around 80%
[22m[39m[Dispatch] Offer sent to driver d86 for ride ride_86

[90mstdout[2m | src/test/engines/driverDispatch.test.ts[2m > [22m[2mDriverDispatchEngine[2m > [22m[2msendDispatchOffer[2m > [22m[2mshould have acceptance rate around 80%
[22m[39m[Dispatch] Offer sent to driver d87 for ride ride_87

[90mstdout[2m | src/test/engines/driverDispatch.test.ts[2m > [22m[2mDriverDispatchEngine[2m > [22m[2msendDispatchOffer[2m > [22m[2mshould have acceptance rate around 80%
[22m[39m[Dispatch] Offer sent to driver d88 for ride ride_88

[90mstdout[2m | src/test/engines/driverDispatch.test.ts[2m > [22m[2mDriverDispatchEngine[2m > [22m[2msendDispatchOffer[2m > [22m[2mshould have acceptance rate around 80%
[22m[39m[Dispatch] Offer sent to driver d89 for ride ride_89

[90mstdout[2m | src/test/engines/driverDispatch.test.ts[2m > [22m[2mDriverDispatchEngine[2m > [22m[2msendDispatchOffer[2m > [22m[2mshould have acceptance rate around 80%
[22m[39m[Dispatch] Offer sent to driver d90 for ride ride_90

[90mstdout[2m | src/test/engines/driverDispatch.test.ts[2m > [22m[2mDriverDispatchEngine[2m > [22m[2msendDispatchOffer[2m > [22m[2mshould have acceptance rate around 80%
[22m[39m[Dispatch] Offer sent to driver d91 for ride ride_91

[90mstdout[2m | src/test/engines/driverDispatch.test.ts[2m > [22m[2mDriverDispatchEngine[2m > [22m[2msendDispatchOffer[2m > [22m[2mshould have acceptance rate around 80%
[22m[39m[Dispatch] Offer sent to driver d92 for ride ride_92

[90mstdout[2m | src/test/engines/driverDispatch.test.ts[2m > [22m[2mDriverDispatchEngine[2m > [22m[2msendDispatchOffer[2m > [22m[2mshould have acceptance rate around 80%
[22m[39m[Dispatch] Offer sent to driver d93 for ride ride_93

[90mstdout[2m | src/test/engines/driverDispatch.test.ts[2m > [22m[2mDriverDispatchEngine[2m > [22m[2msendDispatchOffer[2m > [22m[2mshould have acceptance rate around 80%
[22m[39m[Dispatch] Offer sent to driver d94 for ride ride_94

[90mstdout[2m | src/test/engines/driverDispatch.test.ts[2m > [22m[2mDriverDispatchEngine[2m > [22m[2msendDispatchOffer[2m > [22m[2mshould have acceptance rate around 80%
[22m[39m[Dispatch] Offer sent to driver d95 for ride ride_95

[90mstdout[2m | src/test/engines/driverDispatch.test.ts[2m > [22m[2mDriverDispatchEngine[2m > [22m[2msendDispatchOffer[2m > [22m[2mshould have acceptance rate around 80%
[22m[39m[Dispatch] Offer sent to driver d96 for ride ride_96

[90mstdout[2m | src/test/engines/driverDispatch.test.ts[2m > [22m[2mDriverDispatchEngine[2m > [22m[2msendDispatchOffer[2m > [22m[2mshould have acceptance rate around 80%
[22m[39m[Dispatch] Offer sent to driver d97 for ride ride_97

[90mstdout[2m | src/test/engines/driverDispatch.test.ts[2m > [22m[2mDriverDispatchEngine[2m > [22m[2msendDispatchOffer[2m > [22m[2mshould have acceptance rate around 80%
[22m[39m[Dispatch] Offer sent to driver d98 for ride ride_98

[90mstdout[2m | src/test/engines/driverDispatch.test.ts[2m > [22m[2mDriverDispatchEngine[2m > [22m[2msendDispatchOffer[2m > [22m[2mshould have acceptance rate around 80%
[22m[39m[Dispatch] Offer sent to driver d99 for ride ride_99

 [32mÔ£ô[39m src/test/engines/driverDispatch.test.ts [2m([22m[2m17 tests[22m[2m)[22m[32m 34[2mms[22m[39m
 [32mÔ£ô[39m src/test/engines/fareCalculation.test.ts [2m([22m[2m14 tests[22m[2m)[22m[32m 59[2mms[22m[39m

[2m Test Files [22m [1m[32m5 passed[39m[22m[90m (5)[39m
[2m      Tests [22m [1m[32m37 passed[39m[22m[90m (37)[39m
[2m   Start at [22m 14:55:53
[2m   Duration [22m 2.62s[2m (transform 290ms, setup 1.18s, collect 555ms, tests 144ms, environment 6.94s, prepare 1.66s)[22m

